\BOOKMARK [0][-]{chapter*.1}{\376\377\000P\000r\000e\000f\000a\000c\000e}{}% 1
\BOOKMARK [0][-]{chapter*.2}{\376\377\000S\000u\000m\000m\000a\000r\000y}{}% 2
\BOOKMARK [0][-]{chapter*.6}{\376\377\000N\000o\000m\000e\000n\000c\000l\000a\000t\000u\000r\000e}{}% 3
\BOOKMARK [0][-]{chapter.1}{\376\377\000I\000n\000t\000r\000o\000d\000u\000c\000t\000i\000o\000n}{}% 4
\BOOKMARK [1][-]{section.1.1}{\376\377\000M\000o\000t\000i\000v\000a\000t\000i\000o\000n}{chapter.1}% 5
\BOOKMARK [1][-]{section.1.2}{\376\377\000P\000r\000o\000j\000e\000c\000t\000\040\000f\000r\000a\000m\000i\000n\000g}{chapter.1}% 6
\BOOKMARK [2][-]{subsection.1.2.1}{\376\377\000C\000a\000r\000e\000\040\000c\000e\000n\000t\000r\000a\000l\000i\000s\000a\000t\000i\000o\000n\000\040\000a\000n\000d\000\040\000t\000e\000r\000r\000i\000t\000o\000r\000i\000a\000l\000\040\000i\000n\000e\000q\000u\000i\000t\000y\000\040\000i\000n\000\040\000t\000h\000e\000\040\000I\000t\000a\000l\000i\000a\000n\000\040\000h\000e\000a\000l\000t\000h\000c\000a\000r\000e\000\040\000s\000y\000s\000t\000e\000m}{section.1.2}% 7
\BOOKMARK [2][-]{subsection.1.2.2}{\376\377\000P\000r\000i\000o\000r\000\040\000r\000e\000s\000e\000a\000r\000c\000h\000\040\000a\000n\000d\000\040\000p\000o\000s\000i\000t\000i\000o\000n\000i\000n\000g\000\040\000o\000f\000\040\000t\000h\000e\000\040\000p\000r\000e\000s\000e\000n\000t\000\040\000t\000h\000e\000s\000i\000s}{section.1.2}% 8
\BOOKMARK [2][-]{subsection.1.2.3}{\376\377\000S\000t\000a\000k\000e\000h\000o\000l\000d\000e\000r\000s}{section.1.2}% 9
\BOOKMARK [1][-]{section.1.3}{\376\377\000D\000o\000c\000u\000m\000e\000n\000t\000\040\000O\000u\000t\000l\000i\000n\000e}{chapter.1}% 10
\BOOKMARK [0][-]{chapter.2}{\376\377\000S\000t\000a\000t\000e\000\040\000o\000f\000\040\000t\000h\000e\000\040\000A\000r\000t\000\040\000a\000n\000d\000\040\000R\000e\000s\000e\000a\000r\000c\000h\000\040\000a\000n\000d\000\040\000D\000e\000v\000e\000l\000o\000p\000m\000e\000n\000t\000\040\000G\000a\000p}{}% 11
\BOOKMARK [1][-]{section.2.1}{\376\377\000f\000i\000r\000s\000t\000\040\000r\000e\000a\000s\000o\000n\000:\000\040\000m\000i\000n\000i\000-\000m\000a\000r\000k\000e\000t\000\040\000a\000n\000a\000l\000y\000s\000i\000s\000\040\000-\000\040\000t\000h\000e\000\040\000t\000e\000c\000h\000n\000o\000l\000o\000g\000y\000\040\000i\000n\000\040\000p\000i\000e\000d\000m\000o\000n\000t}{chapter.2}% 12
\BOOKMARK [1][-]{section.2.2}{\376\377\000s\000e\000c\000o\000n\000d\000\040\000r\000e\000a\000s\000o\000n\000:\000\040\000T\000h\000e\000\040\000p\000a\000y\000l\000o\000a\000d\000-\000f\000i\000r\000s\000t\000\040\000a\000p\000p\000r\000o\000a\000c\000h}{chapter.2}% 13
\BOOKMARK [1][-]{section.2.3}{\376\377\000W\000h\000a\000t\000\040\000I\000\040\000s\000h\000o\000u\000l\000d\000\040\000k\000n\000o\000w\000\040\000f\000o\000r\000\040\000a\000i\000r\000b\000a\000g\000\040\000d\000e\000s\000i\000g\000n}{chapter.2}% 14
\BOOKMARK [2][-]{subsection.2.3.1}{\376\377\000H\000i\000s\000t\000o\000r\000i\000c\000a\000l\000\040\000p\000e\000r\000s\000p\000e\000c\000t\000i\000v\000e}{section.2.3}% 15
\BOOKMARK [2][-]{subsection.2.3.2}{\376\377\000D\000e\000s\000i\000g\000n\000\040\000g\000u\000i\000d\000e\000l\000i\000n\000e\000s}{section.2.3}% 16
\BOOKMARK [1][-]{section.2.4}{\376\377\000R\000e\000s\000e\000a\000r\000c\000h\000\040\000O\000b\000j\000e\000c\000t\000i\000v\000e}{chapter.2}% 17
\BOOKMARK [0][-]{chapter.3}{\376\377\000D\000e\000s\000i\000g\000n\000\040\000w\000o\000r\000k\000f\000l\000o\000w\000\040\000\050\000M\000E\000T\000H\000O\000D\000O\000L\000O\000G\000Y\000\051}{}% 18
\BOOKMARK [1][-]{section.3.1}{\376\377\000P\000r\000o\000b\000l\000e\000m\000\040\000s\000t\000a\000t\000e\000m\000e\000n\000t}{chapter.3}% 19
\BOOKMARK [1][-]{section.3.2}{\376\377\000\050\000O\000u\000t\000e\000r\000\051\000\040\000d\000e\000s\000i\000g\000n\000\040\000l\000o\000o\000p\000\040\000f\000o\000r\000m\000a\000l\000i\000s\000a\000t\000i\000o\000n}{chapter.3}% 20
\BOOKMARK [1][-]{section.3.3}{\376\377\000P\000r\000o\000p\000o\000s\000e\000d\000\040\000a\000p\000p\000r\000o\000a\000c\000h}{chapter.3}% 21
\BOOKMARK [0][-]{chapter.4}{\376\377\000T\000e\000s\000t\000i\000n\000g\000\040\000t\000h\000e\000\040\000D\000e\000s\000i\000g\000n\000\040\000W\000o\000r\000k\000l\000o\000w\000\040\000R\000E\000S\000U\000L\000T\000S}{}% 22
\BOOKMARK [1][-]{section.4.1}{\376\377\000M\000i\000s\000s\000i\000o\000n\000\040\000a\000n\000d\000\040\000f\000a\000i\000l\000u\000r\000e\000\040\000s\000c\000e\000n\000a\000r\000i\000o\000\040\000a\000n\000a\000l\000y\000s\000i\000s\000:\000\040\000c\000a\000l\000c\000u\000l\000a\000t\000i\000n\000g\000\040\000V\000x\000\040\000a\000n\000d\000\040\000V\000y}{chapter.4}% 23
\BOOKMARK [1][-]{section.4.2}{\376\377\000S\000t\000u\000d\000y\000i\000n\000g\000\040\000t\000h\000e\000\040\000p\000a\000y\000l\000o\000a\000d\000:\000\040\000c\000a\000l\000c\000u\000l\000a\000t\000i\000n\000g\000\040\000a\000l\000l\000o\000w\000a\000b\000l\000e\000\040\000i\000m\000p\000a\000c\000t\000\040\000a\000c\000c\000e\000l\000e\000r\000a\000t\000i\000o\000n}{chapter.4}% 24
\BOOKMARK [2][-]{subsection.4.2.1}{\376\377\000M\000a\000t\000e\000r\000i\000a\000l\000\040\000c\000h\000a\000r\000a\000c\000t\000e\000r\000i\000s\000a\000t\000i\000o\000n}{section.4.2}% 25
\BOOKMARK [2][-]{subsection.4.2.2}{\376\377\000S\000l\000e\000d\000\040\000t\000e\000s\000t}{section.4.2}% 26
\BOOKMARK [1][-]{section.4.3}{\376\377\000D\000e\000s\000i\000g\000n\000\040\000v\000a\000r\000i\000a\000b\000l\000e\000s\000\040\000o\000p\000t\000i\000m\000i\000s\000a\000t\000i\000o\000n\000:\000\040\000t\000h\000e\000\040\000c\000o\000d\000e\000!\000!\000!}{chapter.4}% 27
\BOOKMARK [1][-]{section.4.4}{\376\377\000S\000u\000m\000m\000a\000r\000y\000\040\000o\000f\000\040\000r\000e\000s\000u\000l\000t\000s}{chapter.4}% 28
\BOOKMARK [0][-]{chapter.5}{\376\377\000C\000o\000n\000c\000l\000u\000s\000i\000o\000n\000s}{}% 29
\BOOKMARK [1][-]{section.5.1}{\376\377\000G\000e\000n\000e\000r\000a\000l\000\040\000s\000u\000m\000m\000a\000r\000y}{chapter.5}% 30
\BOOKMARK [1][-]{section.5.2}{\376\377\000R\000e\000c\000o\000m\000m\000e\000n\000d\000a\000t\000i\000o\000n\000s\000\040\000f\000o\000r\000\040\000f\000u\000t\000u\000r\000e\000\040\000w\000o\000r\000k}{chapter.5}% 31
\BOOKMARK [0][-]{chapter.6}{\376\377\000P\000r\000o\000j\000e\000c\000t\000\040\000M\000a\000n\000a\000g\000e\000m\000e\000n\000t}{}% 32
\BOOKMARK [1][-]{section.6.1}{\376\377\000S\000t\000r\000a\000t\000e\000g\000y\000\040\000a\000n\000d\000\040\000p\000l\000a\000n\000n\000i\000n\000g}{chapter.6}% 33
\BOOKMARK [1][-]{section.6.2}{\376\377\000C\000h\000a\000l\000l\000e\000n\000g\000e\000s}{chapter.6}% 34
\BOOKMARK [2][-]{subsection.6.2.1}{\376\377\000c\000h\000a\000l\000l\000e\000n\000g\000e\000\040\0001\000:\000\040\000a\000l\000i\000g\000n\000i\000n\000g\000\040\000i\000n\000t\000e\000r\000e\000s\000t\000s\000\040\000f\000o\000r\000\040\000t\000h\000e\000s\000i\000s\000\040\000s\000c\000o\000p\000e}{section.6.2}% 35
\BOOKMARK [2][-]{subsection.6.2.2}{\376\377\000c\000h\000e\000l\000l\000e\000n\000g\000e\000\040\0002\000:\000\040\000C\000o\000m\000p\000u\000t\000a\000t\000i\000o\000n\000a\000l\000\040\000r\000e\000s\000o\000u\000r\000c\000e\000s\000\040\000N\000O\000\040\000M\000O\000R\000E}{section.6.2}% 36
\BOOKMARK [2][-]{subsection.6.2.3}{\376\377\000c\000h\000a\000l\000l\000e\000n\000g\000e\000\040\0003\000:\000\040\000I\000T\000\040\000i\000n\000f\000r\000a\000s\000t\000r\000u\000c\000t\000u\000r\000e\000\040\000b\000o\000t\000t\000l\000e\000n\000e\000c\000k}{section.6.2}% 37
\BOOKMARK [2][-]{subsection.6.2.4}{\376\377\000c\000h\000a\000l\000l\000e\000n\000g\000e\000\040\0004\000:\000\040\000g\000o\000i\000n\000g\000\040\000a\000g\000a\000i\000n\000s\000t\000\040\000t\000h\000e\000\040\000j\000u\000d\000g\000e\000m\000e\000n\000t\000\040\000o\000f\000\040\000s\000u\000p\000e\000r\000v\000i\000s\000o\000r\000s}{section.6.2}% 38
\BOOKMARK [1][-]{section.6.3}{\376\377\000L\000e\000s\000s\000o\000n\000s\000\040\000l\000e\000a\000r\000n\000e\000d}{chapter.6}% 39
\BOOKMARK [0][-]{chapter*.7}{\376\377\000R\000e\000f\000e\000r\000e\000n\000c\000e\000s}{}% 40
\BOOKMARK [0][-]{appendix.A}{\376\377\000F\000E\000M\000\040\000I\000t\000e\000r\000a\000t\000i\000o\000n\000s\000\040\000f\000o\000r\000\040\000g\000l\000a\000s\000s\000\040\000p\000h\000i\000a\000l\000\040\000m\000o\000d\000e\000l}{}% 41
\BOOKMARK [0][-]{appendix.B}{\376\377\000T\000a\000s\000k\000\040\000D\000i\000v\000i\000s\000i\000o\000n\000\040\000E\000x\000a\000m\000p\000l\000e}{}% 42
